Archive member included because of file (symbol)

C:/Program Files/Rowley Associates Limited/CrossWorks for ARM 2.3/lib/libm_v4t_a_le.a(libm_asm.o)
                              ARM Flash Release/main.o (__floatsidf)
C:/Program Files/Rowley Associates Limited/CrossWorks for ARM 2.3/lib/libc_v4t_a_le.a(libc_asm.o)
                              ARM Flash Release/ctl_at91sam7.o (__udivsi3)
C:/Program Files/Rowley Associates Limited/CrossWorks for ARM 2.3/lib/libc_v4t_a_le.a(libc2.o)
                              ARM Flash Release/main.o (malloc)
C:/Program Files/Rowley Associates Limited/CrossWorks for ARM 2.3/lib/libc_v4t_a_le.a(libc2_asm.o)
                              C:/Program Files/Rowley Associates Limited/CrossWorks for ARM 2.3/lib/libc_v4t_a_le.a(libc2.o) (memcpy)
C:/Program Files/Rowley Associates Limited/CrossWorks for ARM 2.3/lib/libc_v4t_a_le.a(__vfprintf_int.o)
                              (__vfprintf_int)
C:/Program Files/Rowley Associates Limited/CrossWorks for ARM 2.3/lib/libc_v4t_a_le.a(__vfscanf_int.o)
                              (__vfscanf_int)
C:/Program Files/Rowley Associates Limited/CrossWorks for ARM 2.3/lib/libdebugio_v4t_a_le.a(libdebugio.o)
                              (__do_debug_operation_dcc)
C:/Program Files/Rowley Associates Limited/CrossWorks for ARM 2.3/lib/libc_user_libc_v4t_a_le.a(user_libc.o)
                              C:/Program Files/Rowley Associates Limited/CrossWorks for ARM 2.3/lib/libc_v4t_a_le.a(libc2.o) (__errno)
C:/Program Files/Rowley Associates Limited/CrossWorks for ARM 2.3/lib/libarm_v4t_a_le.a(libarm.o)
                              C:/Program Files/Rowley Associates Limited/CrossWorks for ARM 2.3/lib/libdebugio_v4t_a_le.a(libdebugio.o) (libarm_dcc_write)
C:/Program Files/Rowley Associates Limited/CrossWorks for ARM 2.3/lib/libarm_v4t_a_le.a(libarm_run_dcc_port_server.o)
                              C:/Program Files/Rowley Associates Limited/CrossWorks for ARM 2.3/lib/libdebugio_v4t_a_le.a(libdebugio.o) (libarm_run_dcc_port_server)

Discarded input sections

 .text          0x00000000        0x0 ARM Flash Release/crt0.o
 .data          0x00000000        0x0 ARM Flash Release/crt0.o
 .bss           0x00000000        0x0 ARM Flash Release/crt0.o
 .stack         0x00000000        0x0 ARM Flash Release/crt0.o
 .stack_abt     0x00000000        0x0 ARM Flash Release/crt0.o
 .stack_irq     0x00000000        0x0 ARM Flash Release/crt0.o
 .stack_fiq     0x00000000        0x0 ARM Flash Release/crt0.o
 .stack_svc     0x00000000        0x0 ARM Flash Release/crt0.o
 .stack_und     0x00000000        0x0 ARM Flash Release/crt0.o
 .heap          0x00000000        0x0 ARM Flash Release/crt0.o
 .text          0x00000000        0x0 ARM Flash Release/AT91SAM7_Startup.o
 .data          0x00000000        0x0 ARM Flash Release/AT91SAM7_Startup.o
 .bss           0x00000000        0x0 ARM Flash Release/AT91SAM7_Startup.o
 .text          0x00000000        0x0 ARM Flash Release/AIC.o
 .data          0x00000000        0x0 ARM Flash Release/AIC.o
 .bss           0x00000000        0x0 ARM Flash Release/AIC.o
 .text.forcedFIQHandler
                0x00000000       0x5c ARM Flash Release/AIC.o
 .text.ctl_set_isr
                0x00000000       0xd8 ARM Flash Release/AIC.o
 .text.ctl_unmask_isr
                0x00000000       0x18 ARM Flash Release/AIC.o
 .text.ctl_mask_isr
                0x00000000       0x18 ARM Flash Release/AIC.o
 .data          0x00000000        0x0 ARM Flash Release/AIC_irq_handler.o
 .bss           0x00000000        0x0 ARM Flash Release/AIC_irq_handler.o
 .text          0x00000000        0x0 ARM Flash Release/ctl_at91sam7.o
 .data          0x00000000        0x0 ARM Flash Release/ctl_at91sam7.o
 .bss           0x00000000        0x0 ARM Flash Release/ctl_at91sam7.o
 .text.syscISR  0x00000000       0x38 ARM Flash Release/ctl_at91sam7.o
 .text.ctl_at91sam7_get_mck_frequency
                0x00000000       0x78 ARM Flash Release/ctl_at91sam7.o
 .text.ctl_get_ticks_per_second
                0x00000000        0x8 ARM Flash Release/ctl_at91sam7.o
 .text.ctl_start_timer
                0x00000000       0x84 ARM Flash Release/ctl_at91sam7.o
 .bss.userTimerISR
                0x00000000        0x4 ARM Flash Release/ctl_at91sam7.o
 .text          0x00000000        0x0 ARM Flash Release/main.o
 .data          0x00000000        0x0 ARM Flash Release/main.o
 .bss           0x00000000        0x0 ARM Flash Release/main.o
 .text          0x00000000        0x0 ARM Flash Release/adc.o
 .data          0x00000000        0x0 ARM Flash Release/adc.o
 .bss           0x00000000        0x0 ARM Flash Release/adc.o
 .text          0x00000000        0x0 ARM Flash Release/lcd.o
 .data          0x00000000        0x0 ARM Flash Release/lcd.o
 .bss           0x00000000        0x0 ARM Flash Release/lcd.o
 .text.Delaya   0x00000000        0xc ARM Flash Release/lcd.o
 .text.Backlight
                0x00000000       0x1c ARM Flash Release/lcd.o
 .text.SetContrast
[...]
Memory Configuration

Name             Origin             Length             Attributes
UNPLACED_SECTIONS 0xffffffff         0x00000000         xw
User_Peripherals 0xf0000000         0x0fff0000         xw
System_Controller 0xfffff000         0x00001000         xw
SRAM             0x00200000         0x00010000         xw
FLASH            0x00100000         0x00040000         xr
*default*        0x00000000         0xffffffff

Linker script and memory map

                0x00102f78                __do_debug_operation = __do_debug_operation_dcc
                0x00101ef0                __vfprintf = __vfprintf_int
                0x001029d4                __vfscanf = __vfscanf_int
                0xf0000000                __User_Peripherals_segment_start__ = 0xf0000000
                0xffff0000                __User_Peripherals_segment_end__ = 0xffff0000
                0xfffff000                __System_Controller_segment_start__ = 0xfffff000
                0x00000000                __System_Controller_segment_end__ = 0x0
                0x00200000                __SRAM_segment_start__ = 0x200000
                0x00210000                __SRAM_segment_end__ = 0x210000
                0x00100000                __FLASH_segment_start__ = 0x100000
                0x00140000                __FLASH_segment_end__ = 0x140000
                0x00000400                __STACKSIZE__ = 0x400
                0x00000100                __STACKSIZE_IRQ__ = 0x100
                0x00000100                __STACKSIZE_FIQ__ = 0x100
                0x00000000                __STACKSIZE_SVC__ = 0x0
                0x00000000                __STACKSIZE_ABT__ = 0x0
                0x00000000                __STACKSIZE_UND__ = 0x0
                0x00000400                __HEAPSIZE__ = 0x400
                0x00200000                __vectors_ram_load_start__ = __SRAM_segment_start__

.vectors_ram    0x00200000       0x3c
                0x00200000                __vectors_ram_start__ = .
 *(.vectors_ram .vectors_ram.*)
                0x0020003c                . = MAX ((__vectors_ram_start__ + 0x3c), .)
 *fill*         0x00200000       0x3c 00
                0x0020003c                __vectors_ram_end__ = (__vectors_ram_start__ + SIZEOF (.vectors_ram))
                0x0020003c                __vectors_ram_load_end__ = __vectors_ram_end__
                0x00000001                . = ASSERT (((__vectors_ram_end__ >= __SRAM_segment_start__) && (__vectors_ram_end__ <= __SRAM_segment_end__)), error: .vectors_ram is too large to fit in SRAM memory segment)
                0x00100000                __vectors_load_start__ = __FLASH_segment_start__

.vectors        0x00100000       0x3c
                0x00100000                __vectors_start__ = .
 *(.vectors .vectors.*)
 .vectors       0x00100000       0x3c ARM Flash Release/AT91SAM7_Startup.o
                0x00100000                _vectors
                0x0010003c                __vectors_end__ = (__vectors_start__ + SIZEOF (.vectors))
                0x0010003c                __vectors_load_end__ = __vectors_end__
                0x00000001                . = ASSERT (((__vectors_end__ >= __FLASH_segment_start__) && (__vectors_end__ <= __FLASH_segment_end__)), error: .vectors is too large to fit in FLASH memory segment)
                0x0010003c                __init_load_start__ = ALIGN (__vectors_end__, 0x4)

.init           0x0010003c      0x304
                0x0010003c                __init_start__ = .
 *(.init .init.*)
 *fill*         0x0010003c        0x4 00
 .init          0x00100040      0x1f0 ARM Flash Release/crt0.o
                0x00100040                __start
                0x00100040                _start
                0x00100158                exit
                0x001001b4                __getchar
                0x001001b4                __putchar
 .init          0x00100230      0x110 ARM Flash Release/AT91SAM7_Startup.o
                0x00100230                reset_handler
                0x00100304                undef_handler
                0x00100308                swi_handler
                0x0010030c                pabort_handler
                0x00100310                dabort_handler
                0x00100340                __init_end__ = (__init_start__ + SIZEOF (.init))
                0x00100340                __init_load_end__ = __init_end__
                0x00000001                . = ASSERT (((__init_end__ >= __FLASH_segment_start__) && (__init_end__ <= __FLASH_segment_end__)), error: .init is too large to fit in FLASH memory segment)
                0x00100340                __text_load_start__ = ALIGN (__init_end__, 0x4)

.text           0x00100340     0x2ef8
                0x00100340                __text_start__ = .
 *(.text .text.* .glue_7t .glue_7 .gnu.linkonce.t.* .gcc_except_table .ARM.extab* .gnu.linkonce.armextab.*)
 .glue_7        0x00000000        0x0 linker stubs
 .glue_7t       0x00000000        0x0 linker stubs
 .text          0x00100340       0x60 ARM Flash Release/AIC_irq_handler.o
                0x00100340                irq_handler
                0x00100380                fiq_handler
 .text.delay    0x001003a0       0x48 ARM Flash Release/main.o
                0x001003a0                delay
 .text.main     0x001003e8      0x8b4 ARM Flash Release/main.o
                0x001003e8                main
 .text.InitADC  0x00100c9c       0x48 ARM Flash Release/adc.o
                0x00100c9c                InitADC
 .text.GetAdcChanel
                0x00100ce4       0xbc ARM Flash Release/adc.o
                0x00100ce4                GetAdcChanel
 .text.Delay_   0x00100da0       0x24 ARM Flash Release/lcd.o
                0x00100da0                Delay_
 .text.InitLCD  0x00100dc4       0x68 ARM Flash Release/lcd.o
                0x00100dc4                InitLCD
 .text.WriteSpiCommand
                0x00100e2c       0x20 ARM Flash Release/lcd.o
                0x00100e2c                WriteSpiCommand
 .text.WriteSpiData
                0x00100e4c       0x20 ARM Flash Release/lcd.o
                0x00100e4c                WriteSpiData
 .text.LCDSettings
                0x00100e6c      0x120 ARM Flash Release/lcd.o
                0x00100e6c                LCDSettings
 .text.LCDPutChar
                0x00100f8c      0x148 ARM Flash Release/lcd.o
                0x00100f8c                LCDPutChar
 .text.LCDPutStr
                0x001010d4       0x68 ARM Flash Release/lcd.o
                0x001010d4                LCDPutStr
 .text.LCDClearScreen
                0x0010113c       0x70 ARM Flash Release/lcd.o
                0x0010113c                LCDClearScreen
 *fill*         0x001011ac        0x4 00
 .text.libc.__int32_to_float64
                0x001011b0       0x70 C:/Program Files/Rowley Associates Limited/CrossWorks for ARM 2.3/lib/libm_v4t_a_le.a(libm_asm.o)
                0x001011b0                __aeabi_i2d
                0x001011b0                __int32_to_float64
                0x001011b0                __floatsidf
 .text.libc.__float32_to_int32
                0x00101220       0x50 C:/Program Files/Rowley Associates Limited/CrossWorks for ARM 2.3/lib/libm_v4t_a_le.a(libm_asm.o)
                0x00101220                __float32_to_int32
                0x00101220                __aeabi_f2iz
                0x00101220                __fixsfsi
 .text.libc.__float64_to_float32
                0x00101270       0x80 C:/Program Files/Rowley Associates Limited/CrossWorks for ARM 2.3/lib/libm_v4t_a_le.a(libm_asm.o)
                0x00101270                __truncdfsf2
                0x00101270                __float64_to_float32
                0x00101270                __aeabi_d2f
 .text.libc.__float32_mul
                0x001012f0      0x100 C:/Program Files/Rowley Associates Limited/CrossWorks for ARM 2.3/lib/libm_v4t_a_le.a(libm_asm.o)
                0x001012f0                __mulsf3
                0x001012f0                __aeabi_fmul
                0x001012f0                __float32_mul
 .text.libc.__float64_add
                0x001013f0      0x350 C:/Program Files/Rowley Associates Limited/CrossWorks for ARM 2.3/lib/libm_v4t_a_le.a(libm_asm.o)
                0x001013f0                __aeabi_drsub
                0x001013f8                __aeabi_dsub
                0x001013f8                __float64_sub
                0x001013f8                __subdf3
                0x001013fc                __aeabi_dadd
                0x001013fc                __float64_add
                0x001013fc                __adddf3
 .text.libc.__float64_div
                0x00101740      0x330 C:/Program Files/Rowley Associates Limited/CrossWorks for ARM 2.3/lib/libm_v4t_a_le.a(libm_asm.o)
                0x00101740                __divdf3
                0x00101740                __float64_div
                0x00101740                __aeabi_ddiv
 .text.libc.__getc
                0x00101a70       0x4c C:/Program Files/Rowley Associates Limited/CrossWorks for ARM 2.3/lib/libc_v4t_a_le.a(libc2.o)
                0x00101a70                __getc
 .text.libc.__putc
                0x00101abc       0x6c C:/Program Files/Rowley Associates Limited/CrossWorks for ARM 2.3/lib/libc_v4t_a_le.a(libc2.o)
                0x00101abc                __putc
 .text.libc.__print_padding
                0x00101b28       0x3c C:/Program Files/Rowley Associates Limited/CrossWorks for ARM 2.3/lib/libc_v4t_a_le.a(libc2.o)
                0x00101b28                __print_padding
 .text.libc.__pre_padding
                0x00101b64       0x28 C:/Program Files/Rowley Associates Limited/CrossWorks for ARM 2.3/lib/libc_v4t_a_le.a(libc2.o)
                0x00101b64                __pre_padding
 .text.libc.isupper
                0x00101b8c       0x14 C:/Program Files/Rowley Associates Limited/CrossWorks for ARM 2.3/lib/libc_v4t_a_le.a(libc2.o)
                0x00101b8c                isupper
 .text.libc.islower
                0x00101ba0       0x14 C:/Program Files/Rowley Associates Limited/CrossWorks for ARM 2.3/lib/libc_v4t_a_le.a(libc2.o)
                0x00101ba0                islower
 .text.libc.isdigit
                0x00101bb4       0x14 C:/Program Files/Rowley Associates Limited/CrossWorks for ARM 2.3/lib/libc_v4t_a_le.a(libc2.o)
                0x00101bb4                isdigit
 .text.libc.__digit
                0x00101bc8       0x54 C:/Program Files/Rowley Associates Limited/CrossWorks for ARM 2.3/lib/libc_v4t_a_le.a(libc2.o)
                0x00101bc8                __digit
 .text.libc.isspace
                0x00101c1c       0x18 C:/Program Files/Rowley Associates Limited/CrossWorks for ARM 2.3/lib/libc_v4t_a_le.a(libc2.o)
                0x00101c1c                isspace
 .text.libc.malloc
                0x00101c34       0xe0 C:/Program Files/Rowley Associates Limited/CrossWorks for ARM 2.3/lib/libc_v4t_a_le.a(libc2.o)
                0x00101c34                malloc
 .text.libc.free
                0x00101d14       0xfc C:/Program Files/Rowley Associates Limited/CrossWorks for ARM 2.3/lib/libc_v4t_a_le.a(libc2.o)
                0x00101d14                free
 .text.libc.sprintf
                0x00101e10       0x44 C:/Program Files/Rowley Associates Limited/CrossWorks for ARM 2.3/lib/libc_v4t_a_le.a(libc2.o)
                0x00101e10                sprintf
 *fill*         0x00101e54        0xc 00
 .text.libc.strlen
                0x00101e60       0x90 C:/Program Files/Rowley Associates Limited/CrossWorks for ARM 2.3/lib/libc_v4t_a_le.a(libc2_asm.o)
                0x00101e60                strlen
 .text.libc.__vfprintf_int
                0x00101ef0      0x8d8 C:/Program Files/Rowley Associates Limited/CrossWorks for ARM 2.3/lib/libc_v4t_a_le.a(__vfprintf_int.o)
                0x00101ef0                __vfprintf_int
 .text.libc.__ungetc
                0x001027c8       0x40 C:/Program Files/Rowley Associates Limited/CrossWorks for ARM 2.3/lib/libc_v4t_a_le.a(__vfscanf_int.o)
 .text.libc.rd_int
                0x00102808      0x1cc C:/Program Files/Rowley Associates Limited/CrossWorks for ARM 2.3/lib/libc_v4t_a_le.a(__vfscanf_int.o)
 .text.libc.__vfscanf_int
                0x001029d4      0x5a4 C:/Program Files/Rowley Associates Limited/CrossWorks for ARM 2.3/lib/libc_v4t_a_le.a(__vfscanf_int.o)
                0x001029d4                __vfscanf_int
 .text.libdebugio.__do_debug_operation_dcc
                0x00102f78       0x40 C:/Program Files/Rowley Associates Limited/CrossWorks for ARM 2.3/lib/libdebugio_v4t_a_le.a(libdebugio.o)
                0x00102f78                __do_debug_operation_dcc
 .text.libc.__heap_lock
                0x00102fb8        0x4 C:/Program Files/Rowley Associates Limited/CrossWorks for ARM 2.3/lib/libc_user_libc_v4t_a_le.a(user_libc.o)
                0x00102fb8                __heap_lock
 .text.libc.__heap_unlock
                0x00102fbc        0x4 C:/Program Files/Rowley Associates Limited/CrossWorks for ARM 2.3/lib/libc_user_libc_v4t_a_le.a(user_libc.o)
                0x00102fbc                __heap_unlock
 .text.libc.__debug_io_lock
                0x00102fc0        0x4 C:/Program Files/Rowley Associates Limited/CrossWorks for ARM 2.3/lib/libc_user_libc_v4t_a_le.a(user_libc.o)
                0x00102fc0                __debug_io_lock
 .text.libc.__debug_io_unlock
                0x00102fc4        0x4 C:/Program Files/Rowley Associates Limited/CrossWorks for ARM 2.3/lib/libc_user_libc_v4t_a_le.a(user_libc.o)
                0x00102fc4                __debug_io_unlock
 *fill*         0x00102fc8        0x8 00
 .text.libdebugio_dcc.libarm_dcc_read
                0x00102fd0       0x20 C:/Program Files/Rowley Associates Limited/CrossWorks for ARM 2.3/lib/libarm_v4t_a_le.a(libarm.o)
                0x00102fd0                libarm_dcc_read
 .text.libdebugio_dcc.libarm_dcc_write
                0x00102ff0       0x20 C:/Program Files/Rowley Associates Limited/CrossWorks for ARM 2.3/lib/libarm_v4t_a_le.a(libarm.o)
                0x00102ff0                libarm_dcc_write
 .text.libarm.libarm_run_dcc_port_server
                0x00103010      0x228 C:/Program Files/Rowley Associates Limited/CrossWorks for ARM 2.3/lib/libarm_v4t_a_le.a(libarm_run_dcc_port_server.o)
                0x00103010                libarm_run_dcc_port_server
                0x00103238                __text_end__ = (__text_start__ + SIZEOF (.text))
                0x00103238                __text_load_end__ = __text_end__

.vfp11_veneer   0x00000000        0x0
 .vfp11_veneer  0x00000000        0x0 linker stubs

.v4_bx          0x00000000        0x0
 .v4_bx         0x00000000        0x0 linker stubs
                0x00000001                . = ASSERT (((__text_end__ >= __FLASH_segment_start__) && (__text_end__ <= __FLASH_segment_end__)), error: .text is too large to fit in FLASH memory segment)
                0x00103238                __dtors_load_start__ = ALIGN (__text_end__, 0x4)

.dtors          0x00103238        0x0
                0x00103238                __dtors_start__ = .
 *(SORT(.dtors.*))
 *(.dtors)
 *(.fini_array .fini_array.*)
                0x00103238                __dtors_end__ = (__dtors_start__ + SIZEOF (.dtors))
                0x00103238                __dtors_load_end__ = __dtors_end__
                0x00000001                . = ASSERT (((__dtors_end__ >= __FLASH_segment_start__) && (__dtors_end__ <= __FLASH_segment_end__)), error: .dtors is too large to fit in FLASH memory segment)
                0x00103238                __ctors_load_start__ = ALIGN (__dtors_end__, 0x4)

.ctors          0x00103238        0x0
                0x00103238                __ctors_start__ = .
 *(SORT(.ctors.*))
 *(.ctors)
 *(.init_array .init_array.*)
                0x00103238                __ctors_end__ = (__ctors_start__ + SIZEOF (.ctors))
                0x00103238                __ctors_load_end__ = __ctors_end__
                0x00000001                . = ASSERT (((__ctors_end__ >= __FLASH_segment_start__) && (__ctors_end__ <= __FLASH_segment_end__)), error: .ctors is too large to fit in FLASH memory segment)
                0x00103238                __rodata_load_start__ = ALIGN (__ctors_end__, 0x4)

.rodata         0x00103238      0xcb0
                0x00103238                __rodata_start__ = .
 *(.rodata .rodata.* .gnu.linkonce.r.*)
 .rodata        0x00103238        0x8 ARM Flash Release/main.o
 .rodata.str1.4
                0x00103240       0x54 ARM Flash Release/main.o
 .rodata.FONT8x16
                0x00103294      0x610 ARM Flash Release/lcd.o
                0x00103294                FONT8x16
 .rodata        0x001038a4        0xc ARM Flash Release/lcd.o
 .rodata.FONT8x8
                0x001038b0      0x308 ARM Flash Release/lcd.o
                0x001038b0                FONT8x8
 .rodata.FONT6x8
                0x00103bb8      0x308 ARM Flash Release/lcd.o
                0x00103bb8                FONT6x8
 .rodata.libc.__hex_lc
                0x00103ec0       0x10 C:/Program Files/Rowley Associates Limited/CrossWorks for ARM 2.3/lib/libc_v4t_a_le.a(libc2.o)
                0x00103ec0                __hex_lc
 .rodata.libc.__hex_uc
                0x00103ed0       0x10 C:/Program Files/Rowley Associates Limited/CrossWorks for ARM 2.3/lib/libc_v4t_a_le.a(libc2.o)
                0x00103ed0                __hex_uc
 .rodata.libc.str1.4
                0x00103ee0        0x8 C:/Program Files/Rowley Associates Limited/CrossWorks for ARM 2.3/lib/libc_v4t_a_le.a(__vfprintf_int.o)
                0x00103ee8                __rodata_end__ = (__rodata_start__ + SIZEOF (.rodata))
                0x00103ee8                __rodata_load_end__ = __rodata_end__
                0x00000001                . = ASSERT (((__rodata_end__ >= __FLASH_segment_start__) && (__rodata_end__ <= __FLASH_segment_end__)), error: .rodata is too large to fit in FLASH memory segment)
                0x00103ee8                __ARM.exidx_load_start__ = ALIGN (__rodata_end__, 0x4)

.ARM.exidx      0x00103ee8        0x0
                0x00103ee8                __ARM.exidx_start__ = .
                0x00103ee8                __exidx_start = __ARM.exidx_start__
 *(.ARM.exidx .ARM.exidx.*)
                0x00103ee8                __ARM.exidx_end__ = (__ARM.exidx_start__ + SIZEOF (.ARM.exidx))
                0x00103ee8                __exidx_end = __ARM.exidx_end__
                0x00103ee8                __ARM.exidx_load_end__ = __ARM.exidx_end__
                0x00000001                . = ASSERT (((__ARM.exidx_end__ >= __FLASH_segment_start__) && (__ARM.exidx_end__ <= __FLASH_segment_end__)), error: .ARM.exidx is too large to fit in FLASH memory segment)
                0x00103ee8                __fast_load_start__ = ALIGN (__ARM.exidx_end__, 0x4)

.fast           0x0020003c        0x0 load address 0x00103ee8
                0x0020003c                __fast_start__ = .
 *(.fast .fast.*)
                0x0020003c                __fast_end__ = (__fast_start__ + SIZEOF (.fast))
                0x00103ee8                __fast_load_end__ = (__fast_load_start__ + SIZEOF (.fast))
                0x00000001                . = ASSERT (((__fast_load_end__ >= __FLASH_segment_start__) && (__fast_load_end__ <= __FLASH_segment_end__)), error: .fast is too large to fit in FLASH memory segment)

.fast_run       0x0020003c        0x0
                0x0020003c                __fast_run_start__ = .
                0x0020003c                . = MAX ((__fast_run_start__ + SIZEOF (.fast)), .)
                0x0020003c                __fast_run_end__ = (__fast_run_start__ + SIZEOF (.fast_run))
                0x0020003c                __fast_run_load_end__ = __fast_run_end__
                0x00000001                . = ASSERT (((__fast_run_end__ >= __SRAM_segment_start__) && (__fast_run_end__ <= __SRAM_segment_end__)), error: .fast_run is too large to fit in SRAM memory segment)
                0x00103ee8                __data_load_start__ = ALIGN ((__fast_load_start__ + SIZEOF (.fast)), 0x4)

.data           0x0020003c        0xc load address 0x00103ee8
                0x0020003c                __data_start__ = .
 *(.data .data.* .gnu.linkonce.d.*)
 .data.a_pADC   0x0020003c        0x4 ARM Flash Release/adc.o
                0x0020003c                a_pADC
 .data.a_pPMC   0x00200040        0x4 ARM Flash Release/adc.o
                0x00200040                a_pPMC
 .data.libc.heap
                0x00200044        0x4 C:/Program Files/Rowley Associates Limited/CrossWorks for ARM 2.3/lib/libc_v4t_a_le.a(libc2.o)
                0x00200048                __data_end__ = (__data_start__ + SIZEOF (.data))
                0x00103ef4                __data_load_end__ = (__data_load_start__ + SIZEOF (.data))
                0x00000001                . = ASSERT (((__data_load_end__ >= __FLASH_segment_start__) && (__data_load_end__ <= __FLASH_segment_end__)), error: .data is too large to fit in FLASH memory segment)

.data_run       0x0020003c        0xc load address 0x00103ee8
                0x0020003c                __data_run_start__ = .
                0x00200048                . = MAX ((__data_run_start__ + SIZEOF (.data)), .)
 *fill*         0x0020003c        0xc 00
                0x00200048                __data_run_end__ = (__data_run_start__ + SIZEOF (.data_run))
                0x00200048                __data_run_load_end__ = __data_run_end__
                0x00000001                . = ASSERT (((__data_run_end__ >= __SRAM_segment_start__) && (__data_run_end__ <= __SRAM_segment_end__)), error: .data_run is too large to fit in SRAM memory segment)
                0x00200048                __bss_load_start__ = ALIGN (__data_run_end__, 0x4)

.bss            0x00200048        0x4
                0x00200048                __bss_start__ = .
 *(.bss .bss.* .gnu.linkonce.b.*)
 .bss.libc.__format_extender
                0x00200048        0x4 C:/Program Files/Rowley Associates Limited/CrossWorks for ARM 2.3/lib/libc_v4t_a_le.a(libc2.o)
                0x00200048                __format_extender
 *(COMMON)
                0x0020004c                __bss_end__ = (__bss_start__ + SIZEOF (.bss))
                0x0020004c                __bss_load_end__ = __bss_end__
                0x00000001                . = ASSERT (((__bss_end__ >= __SRAM_segment_start__) && (__bss_end__ <= __SRAM_segment_end__)), error: .bss is too large to fit in SRAM memory segment)
                0x0020004c                __non_init_load_start__ = ALIGN (__bss_end__, 0x4)

.non_init       0x0020004c        0x0
                0x0020004c                __non_init_start__ = .
 *(.non_init .non_init.*)
                0x0020004c                __non_init_end__ = (__non_init_start__ + SIZEOF (.non_init))
                0x0020004c                __non_init_load_end__ = __non_init_end__
                0x00000001                . = ASSERT (((__non_init_end__ >= __SRAM_segment_start__) && (__non_init_end__ <= __SRAM_segment_end__)), error: .non_init is too large to fit in SRAM memory segment)
                0x0020004c                __heap_load_start__ = ALIGN (__non_init_end__, 0x4)

.heap           0x0020004c      0x400
                0x0020004c                __heap_start__ = .
 *(.heap .heap.*)
                0x0020044c                . = ALIGN (MAX ((__heap_start__ + __HEAPSIZE__), .), 0x4)
 *fill*         0x0020004c      0x400 00
                0x0020044c                __heap_end__ = (__heap_start__ + SIZEOF (.heap))
                0x0020044c                __heap_load_end__ = __heap_end__
                0x00000001                . = ASSERT (((__heap_end__ >= __SRAM_segment_start__) && (__heap_end__ <= __SRAM_segment_end__)), error: .heap is too large to fit in SRAM memory segment)
                0x0020044c                __stack_load_start__ = ALIGN (__heap_end__, 0x4)

.stack          0x0020044c      0x400
                0x0020044c                __stack_start__ = .
 *(.stack .stack.*)
                0x0020084c                . = ALIGN (MAX ((__stack_start__ + __STACKSIZE__), .), 0x4)
 *fill*         0x0020044c      0x400 00
                0x0020084c                __stack_end__ = (__stack_start__ + SIZEOF (.stack))
                0x0020084c                __stack_load_end__ = __stack_end__
                0x00000001                . = ASSERT (((__stack_end__ >= __SRAM_segment_start__) && (__stack_end__ <= __SRAM_segment_end__)), error: .stack is too large to fit in SRAM memory segment)
                0x0020084c                __stack_irq_load_start__ = ALIGN (__stack_end__, 0x4)

.stack_irq      0x0020084c      0x100
                0x0020084c                __stack_irq_start__ = .
 *(.stack_irq .stack_irq.*)
                0x0020094c                . = ALIGN (MAX ((__stack_irq_start__ + __STACKSIZE_IRQ__), .), 0x4)
 *fill*         0x0020084c      0x100 00
                0x0020094c                __stack_irq_end__ = (__stack_irq_start__ + SIZEOF (.stack_irq))
                0x0020094c                __stack_irq_load_end__ = __stack_irq_end__
                0x00000001                . = ASSERT (((__stack_irq_end__ >= __SRAM_segment_start__) && (__stack_irq_end__ <= __SRAM_segment_end__)), error: .stack_irq is too large to fit in SRAM memory segment)
                0x0020094c                __stack_fiq_load_start__ = ALIGN (__stack_irq_end__, 0x4)

.stack_fiq      0x0020094c      0x100
                0x0020094c                __stack_fiq_start__ = .
 *(.stack_fiq .stack_fiq.*)
                0x00200a4c                . = ALIGN (MAX ((__stack_fiq_start__ + __STACKSIZE_FIQ__), .), 0x4)
 *fill*         0x0020094c      0x100 00
                0x00200a4c                __stack_fiq_end__ = (__stack_fiq_start__ + SIZEOF (.stack_fiq))
                0x00200a4c                __stack_fiq_load_end__ = __stack_fiq_end__
                0x00000001                . = ASSERT (((__stack_fiq_end__ >= __SRAM_segment_start__) && (__stack_fiq_end__ <= __SRAM_segment_end__)), error: .stack_fiq is too large to fit in SRAM memory segment)
                0x00200a4c                __stack_svc_load_start__ = ALIGN (__stack_fiq_end__, 0x4)

.stack_svc      0x00200a4c        0x0
                0x00200a4c                __stack_svc_start__ = .
 *(.stack_svc .stack_svc.*)
                0x00200a4c                . = ALIGN (MAX ((__stack_svc_start__ + __STACKSIZE_SVC__), .), 0x4)
                0x00200a4c                __stack_svc_end__ = (__stack_svc_start__ + SIZEOF (.stack_svc))
                0x00200a4c                __stack_svc_load_end__ = __stack_svc_end__
                0x00000001                . = ASSERT (((__stack_svc_end__ >= __SRAM_segment_start__) && (__stack_svc_end__ <= __SRAM_segment_end__)), error: .stack_svc is too large to fit in SRAM memory segment)
                0x00200a4c                __stack_abt_load_start__ = ALIGN (__stack_svc_end__, 0x4)

.stack_abt      0x00200a4c        0x0
                0x00200a4c                __stack_abt_start__ = .
 *(.stack_abt .stack_abt.*)
                0x00200a4c                . = ALIGN (MAX ((__stack_abt_start__ + __STACKSIZE_ABT__), .), 0x4)
                0x00200a4c                __stack_abt_end__ = (__stack_abt_start__ + SIZEOF (.stack_abt))
                0x00200a4c                __stack_abt_load_end__ = __stack_abt_end__
                0x00000001                . = ASSERT (((__stack_abt_end__ >= __SRAM_segment_start__) && (__stack_abt_end__ <= __SRAM_segment_end__)), error: .stack_abt is too large to fit in SRAM memory segment)
                0x00200a4c                __stack_und_load_start__ = ALIGN (__stack_abt_end__, 0x4)

.stack_und      0x00200a4c        0x0
                0x00200a4c                __stack_und_start__ = .
 *(.stack_und .stack_und.*)
                0x00200a4c                . = ALIGN (MAX ((__stack_und_start__ + __STACKSIZE_UND__), .), 0x4)
                0x00200a4c                __stack_und_end__ = (__stack_und_start__ + SIZEOF (.stack_und))
                0x00200a4c                __stack_und_load_end__ = __stack_und_end__
                0x00000001                . = ASSERT (((__stack_und_end__ >= __SRAM_segment_start__) && (__stack_und_end__ <= __SRAM_segment_end__)), error: .stack_und is too large to fit in SRAM memory segment)
                0x00200a4c                __tbss_load_start__ = ALIGN (__stack_und_end__, 0x4)

.tbss           0x00200a4c        0x0
                0x00200a4c                __tbss_start__ = .
 *(.tbss .tbss.*)
                0x00200a4c                __tbss_end__ = (__tbss_start__ + SIZEOF (.tbss))
                0x00200a4c                __tbss_load_end__ = __tbss_end__
                0x00000001                . = ASSERT (((__tbss_end__ >= __SRAM_segment_start__) && (__tbss_end__ <= __SRAM_segment_end__)), error: .tbss is too large to fit in SRAM memory segment)
                0x00103ef4                __tdata_load_start__ = ALIGN ((__data_load_start__ + SIZEOF (.data)), 0x4)

.tdata          0x00200a4c        0x0 load address 0x00103ef4
                0x00200a4c                __tdata_start__ = .
 *(.tdata .tdata.*)
                0x00200a4c                __tdata_end__ = (__tdata_start__ + SIZEOF (.tdata))
                0x00103ef4                __tdata_load_end__ = (__tdata_load_start__ + SIZEOF (.tdata))
                0x00103ef4                __FLASH_segment_used_end__ = (ALIGN ((__data_load_start__ + SIZEOF (.data)), 0x4) + SIZEOF (.tdata))
                0x00000001                . = ASSERT (((__tdata_load_end__ >= __FLASH_segment_start__) && (__tdata_load_end__ <= __FLASH_segment_end__)), error: .tdata is too large to fit in FLASH memory segment)

.tdata_run      0x00200a4c        0x0
                0x00200a4c                __tdata_run_start__ = .
                0x00200a4c                . = MAX ((__tdata_run_start__ + SIZEOF (.tdata)), .)
                0x00200a4c                __tdata_run_end__ = (__tdata_run_start__ + SIZEOF (.tdata_run))
                0x00200a4c                __tdata_run_load_end__ = __tdata_run_end__
                0x00200a4c                __SRAM_segment_used_end__ = (ALIGN (__tbss_end__, 0x4) + SIZEOF (.tdata_run))
                0x00000001                . = ASSERT (((__tdata_run_end__ >= __SRAM_segment_start__) && (__tdata_run_end__ <= __SRAM_segment_end__)), error: .tdata_run is too large to fit in SRAM memory segment)
START GROUP
LOAD ARM Flash Release/crt0.o
LOAD ARM Flash Release/AT91SAM7_Startup.o
LOAD ARM Flash Release/AIC.o
LOAD ARM Flash Release/AIC_irq_handler.o
LOAD ARM Flash Release/ctl_at91sam7.o
LOAD ARM Flash Release/main.o
LOAD ARM Flash Release/adc.o
LOAD ARM Flash Release/lcd.o
LOAD C:/Program Files/Rowley Associates Limited/CrossWorks for ARM 2.3/lib/libarm_v4t_a_le.a
LOAD C:/Program Files/Rowley Associates Limited/CrossWorks for ARM 2.3/lib/libm_v4t_a_le.a
LOAD C:/Program Files/Rowley Associates Limited/CrossWorks for ARM 2.3/lib/libc_v4t_a_le.a
LOAD C:/Program Files/Rowley Associates Limited/CrossWorks for ARM 2.3/lib/libcpp_v4t_a_le.a
LOAD C:/Program Files/Rowley Associates Limited/CrossWorks for ARM 2.3/lib/libdebugio_v4t_a_le.a
LOAD C:/Program Files/Rowley Associates Limited/CrossWorks for ARM 2.3/lib/libc_targetio_impl_v4t_a_le.a
LOAD C:/Program Files/Rowley Associates Limited/CrossWorks for ARM 2.3/lib/libc_user_libc_v4t_a_le.a
END GROUP
OUTPUT(ARM Flash Release/Laborka4.elf elf32-littlearm)

.ARM.attributes
                0x00000000       0x10
 .ARM.attributes
                0x00000000       0x10 ARM Flash Release/crt0.o
 .ARM.attributes
                0x00000010       0x10 ARM Flash Release/AT91SAM7_Startup.o
 .ARM.attributes
                0x00000020       0x10 ARM Flash Release/AIC.o
 .ARM.attributes
                0x00000030       0x10 ARM Flash Release/AIC_irq_handler.o
 .ARM.attributes
                0x00000040       0x10 ARM Flash Release/ctl_at91sam7.o
 .ARM.attributes
                0x00000050       0x10 ARM Flash Release/main.o
 .ARM.attributes
                0x00000060       0x10 ARM Flash Release/adc.o
 .ARM.attributes
                0x00000070       0x10 ARM Flash Release/lcd.o
 .ARM.attributes
                0x00000080       0x10 C:/Program Files/Rowley Associates Limited/CrossWorks for ARM 2.3/lib/libm_v4t_a_le.a(libm_asm.o)
 .ARM.attributes
                0x00000090       0x10 C:/Program Files/Rowley Associates Limited/CrossWorks for ARM 2.3/lib/libc_v4t_a_le.a(libc_asm.o)
 .ARM.attributes
                0x000000a0       0x10 C:/Program Files/Rowley Associates Limited/CrossWorks for ARM 2.3/lib/libc_v4t_a_le.a(libc2.o)
 .ARM.attributes
                0x000000b0       0x10 C:/Program Files/Rowley Associates Limited/CrossWorks for ARM 2.3/lib/libc_v4t_a_le.a(libc2_asm.o)
 .ARM.attributes
                0x000000c0       0x10 C:/Program Files/Rowley Associates Limited/CrossWorks for ARM 2.3/lib/libc_v4t_a_le.a(__vfprintf_int.o)
 .ARM.attributes
                0x000000d0       0x10 C:/Program Files/Rowley Associates Limited/CrossWorks for ARM 2.3/lib/libc_v4t_a_le.a(__vfscanf_int.o)
 .ARM.attributes
                0x000000e0       0x10 C:/Program Files/Rowley Associates Limited/CrossWorks for ARM 2.3/lib/libdebugio_v4t_a_le.a(libdebugio.o)
 .ARM.attributes
                0x000000f0       0x10 C:/Program Files/Rowley Associates Limited/CrossWorks for ARM 2.3/lib/libc_user_libc_v4t_a_le.a(user_libc.o)
 .ARM.attributes
                0x00000100       0x10 C:/Program Files/Rowley Associates Limited/CrossWorks for ARM 2.3/lib/libarm_v4t_a_le.a(libarm.o)
 .ARM.attributes
                0x00000110       0x10 C:/Program Files/Rowley Associates Limited/CrossWorks for ARM 2.3/lib/libarm_v4t_a_le.a(libarm_run_dcc_port_server.o)

.comment        0x00000000       0x4e
 .comment       0x00000000       0x4e ARM Flash Release/AIC.o
                                 0x4f (size before relaxing)
 .comment       0x00000000       0x4f ARM Flash Release/ctl_at91sam7.o
 .comment       0x00000000       0x4f ARM Flash Release/main.o
 .comment       0x00000000       0x4f ARM Flash Release/adc.o
 .comment       0x00000000       0x4f ARM Flash Release/lcd.o
 .comment       0x00000000       0x4f C:/Program Files/Rowley Associates Limited/CrossWorks for ARM 2.3/lib/libc_v4t_a_le.a(libc2.o)
 .comment       0x00000000       0x4f C:/Program Files/Rowley Associates Limited/CrossWorks for ARM 2.3/lib/libc_v4t_a_le.a(__vfprintf_int.o)
 .comment       0x00000000       0x4f C:/Program Files/Rowley Associates Limited/CrossWorks for ARM 2.3/lib/libc_v4t_a_le.a(__vfscanf_int.o)
 .comment       0x00000000       0x4f C:/Program Files/Rowley Associates Limited/CrossWorks for ARM 2.3/lib/libdebugio_v4t_a_le.a(libdebugio.o)
 .comment       0x00000000       0x4f C:/Program Files/Rowley Associates Limited/CrossWorks for ARM 2.3/lib/libc_user_libc_v4t_a_le.a(user_libc.o)
 .comment       0x00000000       0x4f C:/Program Files/Rowley Associates Limited/CrossWorks for ARM 2.3/lib/libarm_v4t_a_le.a(libarm_run_dcc_port_server.o)

.debug_frame    0x00000000     0x2af4
 .debug_frame   0x00000000       0x74 ARM Flash Release/AIC.o
 .debug_frame   0x00000074       0x7c ARM Flash Release/ctl_at91sam7.o
 .debug_frame   0x000000f0       0x58 ARM Flash Release/main.o
 .debug_frame   0x00000148       0x3c ARM Flash Release/adc.o
 .debug_frame   0x00000184      0x184 ARM Flash Release/lcd.o
 .debug_frame   0x00000308      0x640 C:/Program Files/Rowley Associates Limited/CrossWorks for ARM 2.3/lib/libm_v4t_a_le.a(libm_asm.o)
 .debug_frame   0x00000948      0x260 C:/Program Files/Rowley Associates Limited/CrossWorks for ARM 2.3/lib/libc_v4t_a_le.a(libc_asm.o)
 .debug_frame   0x00000ba8     0x1238 C:/Program Files/Rowley Associates Limited/CrossWorks for ARM 2.3/lib/libc_v4t_a_le.a(libc2.o)
 .debug_frame   0x00001de0      0x120 C:/Program Files/Rowley Associates Limited/CrossWorks for ARM 2.3/lib/libc_v4t_a_le.a(libc2_asm.o)
 .debug_frame   0x00001f00       0x40 C:/Program Files/Rowley Associates Limited/CrossWorks for ARM 2.3/lib/libc_v4t_a_le.a(__vfprintf_int.o)
 .debug_frame   0x00001f40       0x88 C:/Program Files/Rowley Associates Limited/CrossWorks for ARM 2.3/lib/libc_v4t_a_le.a(__vfscanf_int.o)
 .debug_frame   0x00001fc8      0x794 C:/Program Files/Rowley Associates Limited/CrossWorks for ARM 2.3/lib/libdebugio_v4t_a_le.a(libdebugio.o)
 .debug_frame   0x0000275c       0xa0 C:/Program Files/Rowley Associates Limited/CrossWorks for ARM 2.3/lib/libc_user_libc_v4t_a_le.a(user_libc.o)
 .debug_frame   0x000027fc      0x2c0 C:/Program Files/Rowley Associates Limited/CrossWorks for ARM 2.3/lib/libarm_v4t_a_le.a(libarm.o)
 .debug_frame   0x00002abc       0x38 C:/Program Files/Rowley Associates Limited/CrossWorks for ARM 2.3/lib/libarm_v4t_a_le.a(libarm_run_dcc_port_server.o)

.debug_info     0x00000000     0x15d6
 .debug_info    0x00000000       0x6f ARM Flash Release/AIC.o
 .debug_info    0x0000006f       0x70 ARM Flash Release/ctl_at91sam7.o
 .debug_info    0x000000df       0x4a ARM Flash Release/main.o
 .debug_info    0x00000129       0x49 ARM Flash Release/adc.o
 .debug_info    0x00000172      0x138 ARM Flash Release/lcd.o
 .debug_info    0x000002aa      0xc5b C:/Program Files/Rowley Associates Limited/CrossWorks for ARM 2.3/lib/libc_v4t_a_le.a(libc2.o)
 .debug_info    0x00000f05       0x36 C:/Program Files/Rowley Associates Limited/CrossWorks for ARM 2.3/lib/libc_v4t_a_le.a(__vfprintf_int.o)
 .debug_info    0x00000f3b       0x65 C:/Program Files/Rowley Associates Limited/CrossWorks for ARM 2.3/lib/libc_v4t_a_le.a(__vfscanf_int.o)
 .debug_info    0x00000fa0      0x533 C:/Program Files/Rowley Associates Limited/CrossWorks for ARM 2.3/lib/libdebugio_v4t_a_le.a(libdebugio.o)
 .debug_info    0x000014d3       0xcd C:/Program Files/Rowley Associates Limited/CrossWorks for ARM 2.3/lib/libc_user_libc_v4t_a_le.a(user_libc.o)
 .debug_info    0x000015a0       0x36 C:/Program Files/Rowley Associates Limited/CrossWorks for ARM 2.3/lib/libarm_v4t_a_le.a(libarm_run_dcc_port_server.o)

.debug_abbrev   0x00000000      0x2c4
 .debug_abbrev  0x00000000       0x49 ARM Flash Release/AIC.o
 .debug_abbrev  0x00000049       0x49 ARM Flash Release/ctl_at91sam7.o
 .debug_abbrev  0x00000092       0x25 ARM Flash Release/main.o
 .debug_abbrev  0x000000b7       0x38 ARM Flash Release/adc.o
 .debug_abbrev  0x000000ef       0x4b ARM Flash Release/lcd.o
 .debug_abbrev  0x0000013a       0xa0 C:/Program Files/Rowley Associates Limited/CrossWorks for ARM 2.3/lib/libc_v4t_a_le.a(libc2.o)
 .debug_abbrev  0x000001da       0x25 C:/Program Files/Rowley Associates Limited/CrossWorks for ARM 2.3/lib/libc_v4t_a_le.a(__vfprintf_int.o)
 .debug_abbrev  0x000001ff       0x43 C:/Program Files/Rowley Associates Limited/CrossWorks for ARM 2.3/lib/libc_v4t_a_le.a(__vfscanf_int.o)
 .debug_abbrev  0x00000242       0x38 C:/Program Files/Rowley Associates Limited/CrossWorks for ARM 2.3/lib/libdebugio_v4t_a_le.a(libdebugio.o)
 .debug_abbrev  0x0000027a       0x25 C:/Program Files/Rowley Associates Limited/CrossWorks for ARM 2.3/lib/libc_user_libc_v4t_a_le.a(user_libc.o)
 .debug_abbrev  0x0000029f       0x25 C:/Program Files/Rowley Associates Limited/CrossWorks for ARM 2.3/lib/libarm_v4t_a_le.a(libarm_run_dcc_port_server.o)

.debug_loc      0x00000000     0x1a61
 .debug_loc     0x00000000       0x40 ARM Flash Release/AIC.o
 .debug_loc     0x00000040       0x6c ARM Flash Release/ctl_at91sam7.o
 .debug_loc     0x000000ac       0x4c ARM Flash Release/main.o
 .debug_loc     0x000000f8       0x20 ARM Flash Release/adc.o
 .debug_loc     0x00000118      0x118 ARM Flash Release/lcd.o
 .debug_loc     0x00000230      0xf59 C:/Program Files/Rowley Associates Limited/CrossWorks for ARM 2.3/lib/libc_v4t_a_le.a(libc2.o)
 .debug_loc     0x00001189       0x2c C:/Program Files/Rowley Associates Limited/CrossWorks for ARM 2.3/lib/libc_v4t_a_le.a(__vfprintf_int.o)
 .debug_loc     0x000011b5       0x6c C:/Program Files/Rowley Associates Limited/CrossWorks for ARM 2.3/lib/libc_v4t_a_le.a(__vfscanf_int.o)
 .debug_loc     0x00001221      0x820 C:/Program Files/Rowley Associates Limited/CrossWorks for ARM 2.3/lib/libdebugio_v4t_a_le.a(libdebugio.o)
 .debug_loc     0x00001a41       0x20 C:/Program Files/Rowley Associates Limited/CrossWorks for ARM 2.3/lib/libarm_v4t_a_le.a(libarm_run_dcc_port_server.o)

.debug_aranges  0x00000000      0x940
 .debug_aranges
                0x00000000       0x38 ARM Flash Release/AIC.o
 .debug_aranges
                0x00000038       0x38 ARM Flash Release/ctl_at91sam7.o
 .debug_aranges
                0x00000070       0x28 ARM Flash Release/main.o
 .debug_aranges
                0x00000098       0x28 ARM Flash Release/adc.o
 .debug_aranges
                0x000000c0       0x88 ARM Flash Release/lcd.o
 .debug_aranges
                0x00000148      0x508 C:/Program Files/Rowley Associates Limited/CrossWorks for ARM 2.3/lib/libc_v4t_a_le.a(libc2.o)
 .debug_aranges
                0x00000650       0x20 C:/Program Files/Rowley Associates Limited/CrossWorks for ARM 2.3/lib/libc_v4t_a_le.a(__vfprintf_int.o)
 .debug_aranges
                0x00000670       0x30 C:/Program Files/Rowley Associates Limited/CrossWorks for ARM 2.3/lib/libc_v4t_a_le.a(__vfscanf_int.o)
 .debug_aranges
                0x000006a0      0x220 C:/Program Files/Rowley Associates Limited/CrossWorks for ARM 2.3/lib/libdebugio_v4t_a_le.a(libdebugio.o)
 .debug_aranges
                0x000008c0       0x60 C:/Program Files/Rowley Associates Limited/CrossWorks for ARM 2.3/lib/libc_user_libc_v4t_a_le.a(user_libc.o)
 .debug_aranges
                0x00000920       0x20 C:/Program Files/Rowley Associates Limited/CrossWorks for ARM 2.3/lib/libarm_v4t_a_le.a(libarm_run_dcc_port_server.o)

.debug_ranges   0x00000000      0x890
 .debug_ranges  0x00000000       0x28 ARM Flash Release/AIC.o
 .debug_ranges  0x00000028       0x28 ARM Flash Release/ctl_at91sam7.o
 .debug_ranges  0x00000050       0x18 ARM Flash Release/main.o
 .debug_ranges  0x00000068       0x18 ARM Flash Release/adc.o
 .debug_ranges  0x00000080       0x78 ARM Flash Release/lcd.o
 .debug_ranges  0x000000f8      0x4f8 C:/Program Files/Rowley Associates Limited/CrossWorks for ARM 2.3/lib/libc_v4t_a_le.a(libc2.o)
 .debug_ranges  0x000005f0       0x10 C:/Program Files/Rowley Associates Limited/CrossWorks for ARM 2.3/lib/libc_v4t_a_le.a(__vfprintf_int.o)
 .debug_ranges  0x00000600       0x20 C:/Program Files/Rowley Associates Limited/CrossWorks for ARM 2.3/lib/libc_v4t_a_le.a(__vfscanf_int.o)
 .debug_ranges  0x00000620      0x210 C:/Program Files/Rowley Associates Limited/CrossWorks for ARM 2.3/lib/libdebugio_v4t_a_le.a(libdebugio.o)
 .debug_ranges  0x00000830       0x50 C:/Program Files/Rowley Associates Limited/CrossWorks for ARM 2.3/lib/libc_user_libc_v4t_a_le.a(user_libc.o)
 .debug_ranges  0x00000880       0x10 C:/Program Files/Rowley Associates Limited/CrossWorks for ARM 2.3/lib/libarm_v4t_a_le.a(libarm_run_dcc_port_server.o)

.debug_line     0x00000000      0xfeb
 .debug_line    0x00000000       0xe9 ARM Flash Release/AIC.o
 .debug_line    0x000000e9       0xf2 ARM Flash Release/ctl_at91sam7.o
 .debug_line    0x000001db       0x5b ARM Flash Release/main.o
 .debug_line    0x00000236       0x5a ARM Flash Release/adc.o
 .debug_line    0x00000290       0x5a ARM Flash Release/lcd.o
 .debug_line    0x000002ea      0x5b3 C:/Program Files/Rowley Associates Limited/CrossWorks for ARM 2.3/lib/libc_v4t_a_le.a(libc2.o)
 .debug_line    0x0000089d       0x75 C:/Program Files/Rowley Associates Limited/CrossWorks for ARM 2.3/lib/libc_v4t_a_le.a(__vfprintf_int.o)
 .debug_line    0x00000912       0x74 C:/Program Files/Rowley Associates Limited/CrossWorks for ARM 2.3/lib/libc_v4t_a_le.a(__vfscanf_int.o)
 .debug_line    0x00000986      0x56a C:/Program Files/Rowley Associates Limited/CrossWorks for ARM 2.3/lib/libdebugio_v4t_a_le.a(libdebugio.o)
 .debug_line    0x00000ef0       0x74 C:/Program Files/Rowley Associates Limited/CrossWorks for ARM 2.3/lib/libc_user_libc_v4t_a_le.a(user_libc.o)
 .debug_line    0x00000f64       0x87 C:/Program Files/Rowley Associates Limited/CrossWorks for ARM 2.3/lib/libarm_v4t_a_le.a(libarm_run_dcc_port_server.o)

.debug_str      0x00000000      0xeba
 .debug_str     0x00000000       0xf4 ARM Flash Release/AIC.o
 .debug_str     0x000000f4       0xcb ARM Flash Release/ctl_at91sam7.o
                                0x114 (size before relaxing)
 .debug_str     0x000001bf       0x46 ARM Flash Release/main.o
                                 0x8f (size before relaxing)
 .debug_str     0x00000205       0x4f ARM Flash Release/adc.o
                                 0x98 (size before relaxing)
 .debug_str     0x00000254       0xe7 ARM Flash Release/lcd.o
                                0x130 (size before relaxing)
 .debug_str     0x0000033b      0x57f C:/Program Files/Rowley Associates Limited/CrossWorks for ARM 2.3/lib/libc_v4t_a_le.a(libc2.o)
                                0x655 (size before relaxing)
 .debug_str     0x000008ba       0x64 C:/Program Files/Rowley Associates Limited/CrossWorks for ARM 2.3/lib/libc_v4t_a_le.a(__vfprintf_int.o)
                                 0xad (size before relaxing)
 .debug_str     0x0000091e       0x7c C:/Program Files/Rowley Associates Limited/CrossWorks for ARM 2.3/lib/libc_v4t_a_le.a(__vfscanf_int.o)
                                 0xc5 (size before relaxing)
 .debug_str     0x0000099a      0x3cc C:/Program Files/Rowley Associates Limited/CrossWorks for ARM 2.3/lib/libdebugio_v4t_a_le.a(libdebugio.o)
                                0x415 (size before relaxing)
 .debug_str     0x00000d66       0xd2 C:/Program Files/Rowley Associates Limited/CrossWorks for ARM 2.3/lib/libc_user_libc_v4t_a_le.a(user_libc.o)
                                0x11b (size before relaxing)
 .debug_str     0x00000e38       0x82 C:/Program Files/Rowley Associates Limited/CrossWorks for ARM 2.3/lib/libarm_v4t_a_le.a(libarm_run_dcc_port_server.o)
                                 0xcb (size before relaxing)
